node.exe : (node:7412) 
[DEP0040] 
DeprecationWarning: The 
`punycode` module is 
deprecated. Please use a 
userland alternative 
instead.
At line:1 char:1
+ & "C:\Program 
Files\nodejs/node.exe" "C:\
Users\USER\AppData\Roaming\
n ...
+ ~~~~~~~~~~~~~~~~~~~~~~~~~
~~~~~~~~~~~~~~~~~~~~~~~~~~~
~~~~~~~~~~~~~~~~~
    + CategoryInfo         
     : NotSpecified: ((no  
  de:7412) [DE...native    
 instead.:String) [], R    
emoteException
    + FullyQualifiedErrorI 
   d : NativeCommandError
 
(Use `node 
--trace-deprecation ...` 
to show where the warning 
was created)
ΓÜá∩╕Å  Could not connect 
to MongoDB. Starting 
in-memory database...
Γ¥î Failed to start 
in-memory MongoDB: Error: 
Cannot find module 
'mongodb-memory-server'
Require stack:
- C:\Users\USER\Desktop\Dev
Pilot-AI\backend\src\config
\db.ts
- C:\Users\USER\Desktop\Dev
Pilot-AI\backend\src\server
.ts
    at Module.<anonymous> (
node:internal/modules/cjs/l
oader:1448:15)
    at Module._resolveFilen
ame.sharedData.moduleResolv
eFilenameHook.installedValu
e [as _resolveFilename] (C:
\Users\USER\Desktop\DevPilo
t-AI\backend\node_modules\@
cspotcode\source-map-suppor
t\source-map-support.js:811
:30)
    at defaultResolveImpl (
node:internal/modules/cjs/l
oader:1059:19)
    at 
resolveForCJSWithHooks (nod
e:internal/modules/cjs/load
er:1064:22)
    at Module._load (node:i
nternal/modules/cjs/loader:
1234:25)
    at 
TracingChannel.traceSync (n
ode:diagnostics_channel:328
:14)
    at wrapModuleLoad (node
:internal/modules/cjs/loade
r:245:24)
    at Module.require (node
:internal/modules/cjs/loade
r:1548:12)
    at require (node:intern
al/modules/helpers:152:16)
    at C:\Users\USER\Deskto
p\DevPilot-AI\backend\src\c
onfig\db.ts:15:47 {
  code: 'MODULE_NOT_FOUND',
  requireStack: [
    'C:\\Users\\USER\\Deskt
op\\DevPilot-AI\\backend\\s
rc\\config\\db.ts',
    'C:\\Users\\USER\\Deskt
op\\DevPilot-AI\\backend\\s
rc\\server.ts'
  ]
}
